#-----------------------------------------------------------
# Vivado v2017.2 (64-bit)
# SW Build 1909853 on Thu Jun 15 18:39:09 MDT 2017
# IP Build 1909766 on Thu Jun 15 19:58:00 MDT 2017
# Start of session at: Sat May  5 21:15:57 2018
# Process ID: 8720
# Current directory: C:/Users/Chinook-ELE/ZynqWorkspace/SensTel2_emio/senstel_proto_emio/senstel_proto_emio.runs/System_processing_system7_0_0_synth_1
# Command line: vivado.exe -log System_processing_system7_0_0.vds -product Vivado -mode batch -messageDb vivado.pb -notrace -source System_processing_system7_0_0.tcl
# Log file: C:/Users/Chinook-ELE/ZynqWorkspace/SensTel2_emio/senstel_proto_emio/senstel_proto_emio.runs/System_processing_system7_0_0_synth_1/System_processing_system7_0_0.vds
# Journal file: C:/Users/Chinook-ELE/ZynqWorkspace/SensTel2_emio/senstel_proto_emio/senstel_proto_emio.runs/System_processing_system7_0_0_synth_1\vivado.jou
#-----------------------------------------------------------
source System_processing_system7_0_0.tcl -notrace
