13:58:56 **** Incremental Build of configuration Debug for project baremetal_senstel_proto_emio ****
make pre-build main-build 
a9-linaro-pre-build-step
' '
'Building file: ../src/senstel_sd.c'
'Invoking: ARM v7 gcc compiler'
arm-none-eabi-gcc -Wall -O0 -g3 -c -fmessage-length=0 -MT"src/senstel_sd.o" -mcpu=cortex-a9 -mfpu=vfpv3 -mfloat-abi=hard -I../../standalone_bsp_0/ps7_cortexa9_0/include -MMD -MP -MF"src/senstel_sd.d" -MT"src/senstel_sd.o" -o "src/senstel_sd.o" "../src/senstel_sd.c"
../src/senstel_sd.c: In function 'ulMountFs':
../src/senstel_sd.c:48:26: error: 'XPAR_PS7_SD_0_DEVICE_ID' undeclared (first use in this function)
  ini_s = disk_initialize(XPAR_PS7_SD_0_DEVICE_ID);
                          ^~~~~~~~~~~~~~~~~~~~~~~
../src/senstel_sd.c:48:26: note: each undeclared identifier is reported only once for each function it appears in
../src/senstel_sd.c:111:9: warning: implicit declaration of function 'f_puts' [-Wimplicit-function-declaration]
   Res = f_puts((TCHAR *)word, file);
         ^~~~~~
../src/senstel_sd.c:120:9: warning: implicit declaration of function 'f_printf' [-Wimplicit-function-declaration]
   Res = f_printf(file, "Christmas is on the: %d th of December.\n", 25);
         ^~~~~~~~
../src/senstel_sd.c:81:7: warning: unused variable 'dirname' [-Wunused-variable]
  char dirname[64];
       ^~~~~~~
../src/senstel_sd.c:46:7: warning: variable 'ini_s' set but not used [-Wunused-but-set-variable]
  BYTE ini_s;
       ^~~~~
../src/senstel_sd.c: In function 'ulOpenFiles':
../src/senstel_sd.c:144:7: warning: unused variable 'dirname' [-Wunused-variable]
  char dirname[64];
       ^~~~~~~
../src/senstel_sd.c: In function 'ulCloseFiles':
../src/senstel_sd.c:214:10: warning: variable 'Res' set but not used [-Wunused-but-set-variable]
  FRESULT Res;
          ^~~
make: *** [src/senstel_sd.o] Error 1
13:59:09 **** Auto Build of configuration Debug for project baremetal_senstel_proto_emio ****
make pre-build main-build 
a9-linaro-pre-build-step
' '
'Building file: ../src/senstel_sd.c'
'Invoking: ARM v7 gcc compiler'
arm-none-eabi-gcc -Wall -O0 -g3 -c -fmessage-length=0 -MT"src/senstel_sd.o" -mcpu=cortex-a9 -mfpu=vfpv3 -mfloat-abi=hard -I../../standalone_bsp_0/ps7_cortexa9_0/include -MMD -MP -MF"src/senstel_sd.d" -MT"src/senstel_sd.o" -o "src/senstel_sd.o" "../src/senstel_sd.c"
../src/senstel_sd.c: In function 'ulMountFs':
../src/senstel_sd.c:111:9: warning: implicit declaration of function 'f_puts' [-Wimplicit-function-declaration]
   Res = f_puts((TCHAR *)word, file);
         ^~~~~~
../src/senstel_sd.c:120:9: warning: implicit declaration of function 'f_printf' [-Wimplicit-function-declaration]
   Res = f_printf(file, "Christmas is on the: %d th of December.\n", 25);
         ^~~~~~~~
../src/senstel_sd.c:81:7: warning: unused variable 'dirname' [-Wunused-variable]
  char dirname[64];
       ^~~~~~~
../src/senstel_sd.c:46:7: warning: variable 'ini_s' set but not used [-Wunused-but-set-variable]
  BYTE ini_s;
       ^~~~~
../src/senstel_sd.c: In function 'ulOpenFiles':
../src/senstel_sd.c:144:7: warning: unused variable 'dirname' [-Wunused-variable]
  char dirname[64];
       ^~~~~~~
../src/senstel_sd.c: In function 'ulCloseFiles':
../src/senstel_sd.c:214:10: warning: variable 'Res' set but not used [-Wunused-but-set-variable]
  FRESULT Res;
          ^~~
'Finished building: ../src/senstel_sd.c'
' '
'Building target: baremetal_senstel_proto_emio.elf'
'Invoking: ARM v7 gcc linker'
arm-none-eabi-gcc -mcpu=cortex-a9 -mfpu=vfpv3 -mfloat-abi=hard -Wl,-build-id=none -specs=Xilinx.spec -Wl,-T -Wl,../src/lscript.ld -L../../standalone_bsp_0/ps7_cortexa9_0/lib -o "baremetal_senstel_proto_emio.elf"  ./src/senstel_sd.o ./src/testsd.o   -Wl,--start-group,-lxil,-lgcc,-lc,--end-group -Wl,--start-group,-lxilffs,-lxil,-lgcc,-lc,--end-group
./src/senstel_sd.o: In function `ulMountFs':
C:\Users\Chinook-ELE\ZynqWorkspace\SensTel2_emio\senstel_proto_emio\application\baremetal_senstel_proto_emio\Debug/../src/senstel_sd.c:111: undefined reference to `f_puts'
C:\Users\Chinook-ELE\ZynqWorkspace\SensTel2_emio\senstel_proto_emio\application\baremetal_senstel_proto_emio\Debug/../src/senstel_sd.c:113: undefined reference to `f_puts'
C:\Users\Chinook-ELE\ZynqWorkspace\SensTel2_emio\senstel_proto_emio\application\baremetal_senstel_proto_emio\Debug/../src/senstel_sd.c:115: undefined reference to `f_puts'
C:\Users\Chinook-ELE\ZynqWorkspace\SensTel2_emio\senstel_proto_emio\application\baremetal_senstel_proto_emio\Debug/../src/senstel_sd.c:116: undefined reference to `f_puts'
C:\Users\Chinook-ELE\ZynqWorkspace\SensTel2_emio\senstel_proto_emio\application\baremetal_senstel_proto_emio\Debug/../src/senstel_sd.c:117: undefined reference to `f_puts'
./src/senstel_sd.o:C:\Users\Chinook-ELE\ZynqWorkspace\SensTel2_emio\senstel_proto_emio\application\baremetal_senstel_proto_emio\Debug/../src/senstel_sd.c:118: more undefined references to `f_puts' follow
./src/senstel_sd.o: In function `ulMountFs':
C:\Users\Chinook-ELE\ZynqWorkspace\SensTel2_emio\senstel_proto_emio\application\baremetal_senstel_proto_emio\Debug/../src/senstel_sd.c:120: undefined reference to `f_printf'
C:\Users\Chinook-ELE\ZynqWorkspace\SensTel2_emio\senstel_proto_emio\application\baremetal_senstel_proto_emio\Debug/../src/senstel_sd.c:121: undefined reference to `f_printf'
./src/senstel_sd.o: In function `ulOpenFiles':
C:\Users\Chinook-ELE\ZynqWorkspace\SensTel2_emio\senstel_proto_emio\application\baremetal_senstel_proto_emio\Debug/../src/senstel_sd.c:181: undefined reference to `f_printf'
./src/senstel_sd.o: In function `ulDumpToFile':
C:\Users\Chinook-ELE\ZynqWorkspace\SensTel2_emio\senstel_proto_emio\application\baremetal_senstel_proto_emio\Debug/../src/senstel_sd.c:202: undefined reference to `f_printf'
collect2.exe: error: ld returned 1 exit status
make: *** [baremetal_senstel_proto_emio.elf] Error 1
14:00:26 **** Auto Build of project standalone_bsp_0 ****
make -k all 
"Running Make include in ps7_cortexa9_0/libsrc/canps_v3_2/src"
make -C ps7_cortexa9_0/libsrc/canps_v3_2/src -s include  "SHELL=CMD" "COMPILER=arm-none-eabi-gcc" "ARCHIVER=arm-none-eabi-ar" "COMPILER_FLAGS=  -O2 -c" "EXTRA_COMPILER_FLAGS=-mcpu=cortex-a9 -mfpu=vfpv3 -mfloat-abi=hard -nostartfiles -Wall -Wextra -g3 -O0"
"Running Make include in ps7_cortexa9_0/libsrc/coresightps_dcc_v1_4/src"
make -C ps7_cortexa9_0/libsrc/coresightps_dcc_v1_4/src -s include  "SHELL=CMD" "COMPILER=arm-none-eabi-gcc" "ARCHIVER=arm-none-eabi-ar" "COMPILER_FLAGS=  -O2 -c" "EXTRA_COMPILER_FLAGS=-mcpu=cortex-a9 -mfpu=vfpv3 -mfloat-abi=hard -nostartfiles -Wall -Wextra -g3 -O0"
"Running Make include in ps7_cortexa9_0/libsrc/cpu_cortexa9_v2_4/src"
make -C ps7_cortexa9_0/libsrc/cpu_cortexa9_v2_4/src -s include  "SHELL=CMD" "COMPILER=arm-none-eabi-gcc" "ARCHIVER=arm-none-eabi-ar" "COMPILER_FLAGS=  -O2 -c" "EXTRA_COMPILER_FLAGS=-mcpu=cortex-a9 -mfpu=vfpv3 -mfloat-abi=hard -nostartfiles -Wall -Wextra -g3 -O0"
"Running Make include in ps7_cortexa9_0/libsrc/ddrps_v1_0/src"
make -C ps7_cortexa9_0/libsrc/ddrps_v1_0/src -s include  "SHELL=CMD" "COMPILER=arm-none-eabi-gcc" "ARCHIVER=arm-none-eabi-ar" "COMPILER_FLAGS=  -O2 -c" "EXTRA_COMPILER_FLAGS=-mcpu=cortex-a9 -mfpu=vfpv3 -mfloat-abi=hard -nostartfiles -Wall -Wextra -g3 -O0"
"Running Make include in ps7_cortexa9_0/libsrc/devcfg_v3_4/src"
make -C ps7_cortexa9_0/libsrc/devcfg_v3_4/src -s include  "SHELL=CMD" "COMPILER=arm-none-eabi-gcc" "ARCHIVER=arm-none-eabi-ar" "COMPILER_FLAGS=  -O2 -c" "EXTRA_COMPILER_FLAGS=-mcpu=cortex-a9 -mfpu=vfpv3 -mfloat-abi=hard -nostartfiles -Wall -Wextra -g3 -O0"
"Running Make include in ps7_cortexa9_0/libsrc/dmaps_v2_3/src"
make -C ps7_cortexa9_0/libsrc/dmaps_v2_3/src -s include  "SHELL=CMD" "COMPILER=arm-none-eabi-gcc" "ARCHIVER=arm-none-eabi-ar" "COMPILER_FLAGS=  -O2 -c" "EXTRA_COMPILER_FLAGS=-mcpu=cortex-a9 -mfpu=vfpv3 -mfloat-abi=hard -nostartfiles -Wall -Wextra -g3 -O0"
"Running Make include in ps7_cortexa9_0/libsrc/gpiops_v3_3/src"
make -C ps7_cortexa9_0/libsrc/gpiops_v3_3/src -s include  "SHELL=CMD" "COMPILER=arm-none-eabi-gcc" "ARCHIVER=arm-none-eabi-ar" "COMPILER_FLAGS=  -O2 -c" "EXTRA_COMPILER_FLAGS=-mcpu=cortex-a9 -mfpu=vfpv3 -mfloat-abi=hard -nostartfiles -Wall -Wextra -g3 -O0"
"Running Make include in ps7_cortexa9_0/libsrc/iicps_v3_5/src"
make -C ps7_cortexa9_0/libsrc/iicps_v3_5/src -s include  "SHELL=CMD" "COMPILER=arm-none-eabi-gcc" "ARCHIVER=arm-none-eabi-ar" "COMPILER_FLAGS=  -O2 -c" "EXTRA_COMPILER_FLAGS=-mcpu=cortex-a9 -mfpu=vfpv3 -mfloat-abi=hard -nostartfiles -Wall -Wextra -g3 -O0"
"Running Make include in ps7_cortexa9_0/libsrc/qspips_v3_3/src"
make -C ps7_cortexa9_0/libsrc/qspips_v3_3/src -s include  "SHELL=CMD" "COMPILER=arm-none-eabi-gcc" "ARCHIVER=arm-none-eabi-ar" "COMPILER_FLAGS=  -O2 -c" "EXTRA_COMPILER_FLAGS=-mcpu=cortex-a9 -mfpu=vfpv3 -mfloat-abi=hard -nostartfiles -Wall -Wextra -g3 -O0"
"Running Make include in ps7_cortexa9_0/libsrc/scugic_v3_7/src"
make -C ps7_cortexa9_0/libsrc/scugic_v3_7/src -s include  "SHELL=CMD" "COMPILER=arm-none-eabi-gcc" "ARCHIVER=arm-none-eabi-ar" "COMPILER_FLAGS=  -O2 -c" "EXTRA_COMPILER_FLAGS=-mcpu=cortex-a9 -mfpu=vfpv3 -mfloat-abi=hard -nostartfiles -Wall -Wextra -g3 -O0"
"Running Make include in ps7_cortexa9_0/libsrc/scutimer_v2_1/src"
make -C ps7_cortexa9_0/libsrc/scutimer_v2_1/src -s include  "SHELL=CMD" "COMPILER=arm-none-eabi-gcc" "ARCHIVER=arm-none-eabi-ar" "COMPILER_FLAGS=  -O2 -c" "EXTRA_COMPILER_FLAGS=-mcpu=cortex-a9 -mfpu=vfpv3 -mfloat-abi=hard -nostartfiles -Wall -Wextra -g3 -O0"
"Running Make include in ps7_cortexa9_0/libsrc/scuwdt_v2_1/src"
make -C ps7_cortexa9_0/libsrc/scuwdt_v2_1/src -s include  "SHELL=CMD" "COMPILER=arm-none-eabi-gcc" "ARCHIVER=arm-none-eabi-ar" "COMPILER_FLAGS=  -O2 -c" "EXTRA_COMPILER_FLAGS=-mcpu=cortex-a9 -mfpu=vfpv3 -mfloat-abi=hard -nostartfiles -Wall -Wextra -g3 -O0"
"Running Make include in ps7_cortexa9_0/libsrc/sdps_v3_2/src"
make -C ps7_cortexa9_0/libsrc/sdps_v3_2/src -s include  "SHELL=CMD" "COMPILER=arm-none-eabi-gcc" "ARCHIVER=arm-none-eabi-ar" "COMPILER_FLAGS=  -O2 -c" "EXTRA_COMPILER_FLAGS=-mcpu=cortex-a9 -mfpu=vfpv3 -mfloat-abi=hard -nostartfiles -Wall -Wextra -g3 -O0"
"Running Make include in ps7_cortexa9_0/libsrc/spips_v3_0/src"
make -C ps7_cortexa9_0/libsrc/spips_v3_0/src -s include  "SHELL=CMD" "COMPILER=arm-none-eabi-gcc" "ARCHIVER=arm-none-eabi-ar" "COMPILER_FLAGS=  -O2 -c" "EXTRA_COMPILER_FLAGS=-mcpu=cortex-a9 -mfpu=vfpv3 -mfloat-abi=hard -nostartfiles -Wall -Wextra -g3 -O0"
"Running Make include in ps7_cortexa9_0/libsrc/standalone_v6_3/src"
make -C ps7_cortexa9_0/libsrc/standalone_v6_3/src -s include  "SHELL=CMD" "COMPILER=arm-none-eabi-gcc" "ARCHIVER=arm-none-eabi-ar" "COMPILER_FLAGS=  -O2 -c" "EXTRA_COMPILER_FLAGS=-mcpu=cortex-a9 -mfpu=vfpv3 -mfloat-abi=hard -nostartfiles -Wall -Wextra -g3 -O0"
"Running Make include in ps7_cortexa9_0/libsrc/tmrctr_v4_3/src"
make -C ps7_cortexa9_0/libsrc/tmrctr_v4_3/src -s include  "SHELL=CMD" "COMPILER=arm-none-eabi-gcc" "ARCHIVER=arm-none-eabi-ar" "COMPILER_FLAGS=  -O2 -c" "EXTRA_COMPILER_FLAGS=-mcpu=cortex-a9 -mfpu=vfpv3 -mfloat-abi=hard -nostartfiles -Wall -Wextra -g3 -O0"
"Running Make include in ps7_cortexa9_0/libsrc/ttcps_v3_3/src"
make -C ps7_cortexa9_0/libsrc/ttcps_v3_3/src -s include  "SHELL=CMD" "COMPILER=arm-none-eabi-gcc" "ARCHIVER=arm-none-eabi-ar" "COMPILER_FLAGS=  -O2 -c" "EXTRA_COMPILER_FLAGS=-mcpu=cortex-a9 -mfpu=vfpv3 -mfloat-abi=hard -nostartfiles -Wall -Wextra -g3 -O0"
"Running Make include in ps7_cortexa9_0/libsrc/uartps_v3_4/src"
make -C ps7_cortexa9_0/libsrc/uartps_v3_4/src -s include  "SHELL=CMD" "COMPILER=arm-none-eabi-gcc" "ARCHIVER=arm-none-eabi-ar" "COMPILER_FLAGS=  -O2 -c" "EXTRA_COMPILER_FLAGS=-mcpu=cortex-a9 -mfpu=vfpv3 -mfloat-abi=hard -nostartfiles -Wall -Wextra -g3 -O0"
"Running Make include in ps7_cortexa9_0/libsrc/xadcps_v2_2/src"
make -C ps7_cortexa9_0/libsrc/xadcps_v2_2/src -s include  "SHELL=CMD" "COMPILER=arm-none-eabi-gcc" "ARCHIVER=arm-none-eabi-ar" "COMPILER_FLAGS=  -O2 -c" "EXTRA_COMPILER_FLAGS=-mcpu=cortex-a9 -mfpu=vfpv3 -mfloat-abi=hard -nostartfiles -Wall -Wextra -g3 -O0"
"Running Make include in ps7_cortexa9_0/libsrc/xilffs_v3_6/src"
make -C ps7_cortexa9_0/libsrc/xilffs_v3_6/src -s include  "SHELL=CMD" "COMPILER=arm-none-eabi-gcc" "ARCHIVER=arm-none-eabi-ar" "COMPILER_FLAGS=  -O2 -c" "EXTRA_COMPILER_FLAGS=-mcpu=cortex-a9 -mfpu=vfpv3 -mfloat-abi=hard -nostartfiles -Wall -Wextra -g3 -O0"
"Running Make libs in ps7_cortexa9_0/libsrc/canps_v3_2/src"
make -C ps7_cortexa9_0/libsrc/canps_v3_2/src -s libs  "SHELL=CMD" "COMPILER=arm-none-eabi-gcc" "ARCHIVER=arm-none-eabi-ar" "COMPILER_FLAGS=  -O2 -c" "EXTRA_COMPILER_FLAGS=-mcpu=cortex-a9 -mfpu=vfpv3 -mfloat-abi=hard -nostartfiles -Wall -Wextra -g3 -O0"
"Compiling canps"
arm-none-eabi-ar: creating ../../../lib/libxil.a
"Running Make libs in ps7_cortexa9_0/libsrc/coresightps_dcc_v1_4/src"
make -C ps7_cortexa9_0/libsrc/coresightps_dcc_v1_4/src -s libs  "SHELL=CMD" "COMPILER=arm-none-eabi-gcc" "ARCHIVER=arm-none-eabi-ar" "COMPILER_FLAGS=  -O2 -c" "EXTRA_COMPILER_FLAGS=-mcpu=cortex-a9 -mfpu=vfpv3 -mfloat-abi=hard -nostartfiles -Wall -Wextra -g3 -O0"
"Compiling coresightps_dcc"
"Running Make libs in ps7_cortexa9_0/libsrc/cpu_cortexa9_v2_4/src"
make -C ps7_cortexa9_0/libsrc/cpu_cortexa9_v2_4/src -s libs  "SHELL=CMD" "COMPILER=arm-none-eabi-gcc" "ARCHIVER=arm-none-eabi-ar" "COMPILER_FLAGS=  -O2 -c" "EXTRA_COMPILER_FLAGS=-mcpu=cortex-a9 -mfpu=vfpv3 -mfloat-abi=hard -nostartfiles -Wall -Wextra -g3 -O0"
"Compiling cpu_cortexa9"
"Running Make libs in ps7_cortexa9_0/libsrc/ddrps_v1_0/src"
make -C ps7_cortexa9_0/libsrc/ddrps_v1_0/src -s libs  "SHELL=CMD" "COMPILER=arm-none-eabi-gcc" "ARCHIVER=arm-none-eabi-ar" "COMPILER_FLAGS=  -O2 -c" "EXTRA_COMPILER_FLAGS=-mcpu=cortex-a9 -mfpu=vfpv3 -mfloat-abi=hard -nostartfiles -Wall -Wextra -g3 -O0"
"Compiling ddrps"
"Running Make libs in ps7_cortexa9_0/libsrc/devcfg_v3_4/src"
make -C ps7_cortexa9_0/libsrc/devcfg_v3_4/src -s libs  "SHELL=CMD" "COMPILER=arm-none-eabi-gcc" "ARCHIVER=arm-none-eabi-ar" "COMPILER_FLAGS=  -O2 -c" "EXTRA_COMPILER_FLAGS=-mcpu=cortex-a9 -mfpu=vfpv3 -mfloat-abi=hard -nostartfiles -Wall -Wextra -g3 -O0"
"Compiling devcfg"
"Running Make libs in ps7_cortexa9_0/libsrc/dmaps_v2_3/src"
make -C ps7_cortexa9_0/libsrc/dmaps_v2_3/src -s libs  "SHELL=CMD" "COMPILER=arm-none-eabi-gcc" "ARCHIVER=arm-none-eabi-ar" "COMPILER_FLAGS=  -O2 -c" "EXTRA_COMPILER_FLAGS=-mcpu=cortex-a9 -mfpu=vfpv3 -mfloat-abi=hard -nostartfiles -Wall -Wextra -g3 -O0"
"Compiling dmaps"
"Running Make libs in ps7_cortexa9_0/libsrc/gpiops_v3_3/src"
make -C ps7_cortexa9_0/libsrc/gpiops_v3_3/src -s libs  "SHELL=CMD" "COMPILER=arm-none-eabi-gcc" "ARCHIVER=arm-none-eabi-ar" "COMPILER_FLAGS=  -O2 -c" "EXTRA_COMPILER_FLAGS=-mcpu=cortex-a9 -mfpu=vfpv3 -mfloat-abi=hard -nostartfiles -Wall -Wextra -g3 -O0"
"Compiling gpiops"
"Running Make libs in ps7_cortexa9_0/libsrc/iicps_v3_5/src"
make -C ps7_cortexa9_0/libsrc/iicps_v3_5/src -s libs  "SHELL=CMD" "COMPILER=arm-none-eabi-gcc" "ARCHIVER=arm-none-eabi-ar" "COMPILER_FLAGS=  -O2 -c" "EXTRA_COMPILER_FLAGS=-mcpu=cortex-a9 -mfpu=vfpv3 -mfloat-abi=hard -nostartfiles -Wall -Wextra -g3 -O0"
"Compiling iicps"
"Running Make libs in ps7_cortexa9_0/libsrc/qspips_v3_3/src"
make -C ps7_cortexa9_0/libsrc/qspips_v3_3/src -s libs  "SHELL=CMD" "COMPILER=arm-none-eabi-gcc" "ARCHIVER=arm-none-eabi-ar" "COMPILER_FLAGS=  -O2 -c" "EXTRA_COMPILER_FLAGS=-mcpu=cortex-a9 -mfpu=vfpv3 -mfloat-abi=hard -nostartfiles -Wall -Wextra -g3 -O0"
"Compiling qspips"
"Running Make libs in ps7_cortexa9_0/libsrc/scugic_v3_7/src"
make -C ps7_cortexa9_0/libsrc/scugic_v3_7/src -s libs  "SHELL=CMD" "COMPILER=arm-none-eabi-gcc" "ARCHIVER=arm-none-eabi-ar" "COMPILER_FLAGS=  -O2 -c" "EXTRA_COMPILER_FLAGS=-mcpu=cortex-a9 -mfpu=vfpv3 -mfloat-abi=hard -nostartfiles -Wall -Wextra -g3 -O0"
"Compiling scugic"
xscugic_g.c:53:2: warning: missing initializer for field 'HandlerTable' of 'XScuGic_Config {aka struct <anonymous>}' [-Wmissing-field-initializers]
  }
  ^
In file included from xscugic_g.c:41:0:
xscugic.h:218:27: note: 'HandlerTable' declared here
  XScuGic_VectorTableEntry HandlerTable[XSCUGIC_MAX_NUM_INTR_INPUTS];/**<
                           ^~~~~~~~~~~~
"Running Make libs in ps7_cortexa9_0/libsrc/scutimer_v2_1/src"
make -C ps7_cortexa9_0/libsrc/scutimer_v2_1/src -s libs  "SHELL=CMD" "COMPILER=arm-none-eabi-gcc" "ARCHIVER=arm-none-eabi-ar" "COMPILER_FLAGS=  -O2 -c" "EXTRA_COMPILER_FLAGS=-mcpu=cortex-a9 -mfpu=vfpv3 -mfloat-abi=hard -nostartfiles -Wall -Wextra -g3 -O0"
"Compiling scutimer"
"Running Make libs in ps7_cortexa9_0/libsrc/scuwdt_v2_1/src"
make -C ps7_cortexa9_0/libsrc/scuwdt_v2_1/src -s libs  "SHELL=CMD" "COMPILER=arm-none-eabi-gcc" "ARCHIVER=arm-none-eabi-ar" "COMPILER_FLAGS=  -O2 -c" "EXTRA_COMPILER_FLAGS=-mcpu=cortex-a9 -mfpu=vfpv3 -mfloat-abi=hard -nostartfiles -Wall -Wextra -g3 -O0"
"Compiling scuwdt"
"Running Make libs in ps7_cortexa9_0/libsrc/sdps_v3_2/src"
make -C ps7_cortexa9_0/libsrc/sdps_v3_2/src -s libs  "SHELL=CMD" "COMPILER=arm-none-eabi-gcc" "ARCHIVER=arm-none-eabi-ar" "COMPILER_FLAGS=  -O2 -c" "EXTRA_COMPILER_FLAGS=-mcpu=cortex-a9 -mfpu=vfpv3 -mfloat-abi=hard -nostartfiles -Wall -Wextra -g3 -O0"
"Compiling sdps"
"Running Make libs in ps7_cortexa9_0/libsrc/spips_v3_0/src"
make -C ps7_cortexa9_0/libsrc/spips_v3_0/src -s libs  "SHELL=CMD" "COMPILER=arm-none-eabi-gcc" "ARCHIVER=arm-none-eabi-ar" "COMPILER_FLAGS=  -O2 -c" "EXTRA_COMPILER_FLAGS=-mcpu=cortex-a9 -mfpu=vfpv3 -mfloat-abi=hard -nostartfiles -Wall -Wextra -g3 -O0"
"Compiling spips"
"Running Make libs in ps7_cortexa9_0/libsrc/standalone_v6_3/src"
make -C ps7_cortexa9_0/libsrc/standalone_v6_3/src -s libs  "SHELL=CMD" "COMPILER=arm-none-eabi-gcc" "ARCHIVER=arm-none-eabi-ar" "COMPILER_FLAGS=  -O2 -c" "EXTRA_COMPILER_FLAGS=-mcpu=cortex-a9 -mfpu=vfpv3 -mfloat-abi=hard -nostartfiles -Wall -Wextra -g3 -O0"
"Compiling standalone"
"Running Make libs in ps7_cortexa9_0/libsrc/tmrctr_v4_3/src"
make -C ps7_cortexa9_0/libsrc/tmrctr_v4_3/src -s libs  "SHELL=CMD" "COMPILER=arm-none-eabi-gcc" "ARCHIVER=arm-none-eabi-ar" "COMPILER_FLAGS=  -O2 -c" "EXTRA_COMPILER_FLAGS=-mcpu=cortex-a9 -mfpu=vfpv3 -mfloat-abi=hard -nostartfiles -Wall -Wextra -g3 -O0"
"Compiling tmrctr"
"Running Make libs in ps7_cortexa9_0/libsrc/ttcps_v3_3/src"
make -C ps7_cortexa9_0/libsrc/ttcps_v3_3/src -s libs  "SHELL=CMD" "COMPILER=arm-none-eabi-gcc" "ARCHIVER=arm-none-eabi-ar" "COMPILER_FLAGS=  -O2 -c" "EXTRA_COMPILER_FLAGS=-mcpu=cortex-a9 -mfpu=vfpv3 -mfloat-abi=hard -nostartfiles -Wall -Wextra -g3 -O0"
"Compiling ttcps"
"Running Make libs in ps7_cortexa9_0/libsrc/uartps_v3_4/src"
make -C ps7_cortexa9_0/libsrc/uartps_v3_4/src -s libs  "SHELL=CMD" "COMPILER=arm-none-eabi-gcc" "ARCHIVER=arm-none-eabi-ar" "COMPILER_FLAGS=  -O2 -c" "EXTRA_COMPILER_FLAGS=-mcpu=cortex-a9 -mfpu=vfpv3 -mfloat-abi=hard -nostartfiles -Wall -Wextra -g3 -O0"
"Compiling uartps"
"Running Make libs in ps7_cortexa9_0/libsrc/xadcps_v2_2/src"
make -C ps7_cortexa9_0/libsrc/xadcps_v2_2/src -s libs  "SHELL=CMD" "COMPILER=arm-none-eabi-gcc" "ARCHIVER=arm-none-eabi-ar" "COMPILER_FLAGS=  -O2 -c" "EXTRA_COMPILER_FLAGS=-mcpu=cortex-a9 -mfpu=vfpv3 -mfloat-abi=hard -nostartfiles -Wall -Wextra -g3 -O0"
"Compiling xadcps"
"Running Make libs in ps7_cortexa9_0/libsrc/xilffs_v3_6/src"
make -C ps7_cortexa9_0/libsrc/xilffs_v3_6/src -s libs  "SHELL=CMD" "COMPILER=arm-none-eabi-gcc" "ARCHIVER=arm-none-eabi-ar" "COMPILER_FLAGS=  -O2 -c" "EXTRA_COMPILER_FLAGS=-mcpu=cortex-a9 -mfpu=vfpv3 -mfloat-abi=hard -nostartfiles -Wall -Wextra -g3 -O0"
"Compiling XilFFs Library"
diskio.c:135:11: warning: 'ExtCsd' defined but not used [-Wunused-variable]
 static u8 ExtCsd[512] __attribute__ ((aligned(32)));
           ^~~~~~
ff.c: In function 'dir_remove':
ff.c:1863:7: warning: unused variable 'temp' [-Wunused-variable]
  WORD temp;
       ^~~~
ff.c: In function 'create_name':
ff.c:2008:9: warning: pointer targets in assignment differ in signedness [-Wpointer-sign]
  for (p = *path; *p == '/' || *p == '\\'; p++) ; /* Strip duplicated separator */
         ^
ff.c:2038:8: warning: pointer targets in assignment differ in signedness [-Wpointer-sign]
  *path = &p[si];      /* Return pointer to the next segment */
        ^
'Finished building libraries'
14:00:58 **** Auto Build of configuration Debug for project baremetal_senstel_proto_emio ****
make pre-build main-build 
a9-linaro-pre-build-step
' '
'Building file: ../src/senstel_sd.c'
'Invoking: ARM v7 gcc compiler'
arm-none-eabi-gcc -Wall -O0 -g3 -c -fmessage-length=0 -MT"src/senstel_sd.o" -mcpu=cortex-a9 -mfpu=vfpv3 -mfloat-abi=hard -I../../standalone_bsp_0/ps7_cortexa9_0/include -MMD -MP -MF"src/senstel_sd.d" -MT"src/senstel_sd.o" -o "src/senstel_sd.o" "../src/senstel_sd.c"
../src/senstel_sd.c: In function 'ulMountFs':
../src/senstel_sd.c:81:7: warning: unused variable 'dirname' [-Wunused-variable]
  char dirname[64];
       ^~~~~~~
../src/senstel_sd.c:46:7: warning: variable 'ini_s' set but not used [-Wunused-but-set-variable]
  BYTE ini_s;
       ^~~~~
../src/senstel_sd.c: In function 'ulOpenFiles':
../src/senstel_sd.c:144:7: warning: unused variable 'dirname' [-Wunused-variable]
  char dirname[64];
       ^~~~~~~
../src/senstel_sd.c: In function 'ulCloseFiles':
../src/senstel_sd.c:214:10: warning: variable 'Res' set but not used [-Wunused-but-set-variable]
  FRESULT Res;
          ^~~
'Finished building: ../src/senstel_sd.c'
' '
'Building file: ../src/testsd.c'
'Invoking: ARM v7 gcc compiler'
arm-none-eabi-gcc -Wall -O0 -g3 -c -fmessage-length=0 -MT"src/testsd.o" -mcpu=cortex-a9 -mfpu=vfpv3 -mfloat-abi=hard -I../../standalone_bsp_0/ps7_cortexa9_0/include -MMD -MP -MF"src/testsd.d" -MT"src/testsd.o" -o "src/testsd.o" "../src/testsd.c"
../src/testsd.c: In function 'main':
../src/testsd.c:134:7: warning: unused variable 'ini_s' [-Wunused-variable]
  BYTE ini_s = 1;
       ^~~~~
'Finished building: ../src/testsd.c'
' '
'Building target: baremetal_senstel_proto_emio.elf'
'Invoking: ARM v7 gcc linker'
arm-none-eabi-gcc -mcpu=cortex-a9 -mfpu=vfpv3 -mfloat-abi=hard -Wl,-build-id=none -specs=Xilinx.spec -Wl,-T -Wl,../src/lscript.ld -L../../standalone_bsp_0/ps7_cortexa9_0/lib -o "baremetal_senstel_proto_emio.elf"  ./src/senstel_sd.o ./src/testsd.o   -Wl,--start-group,-lxil,-lgcc,-lc,--end-group -Wl,--start-group,-lxilffs,-lxil,-lgcc,-lc,--end-group
'Finished building target: baremetal_senstel_proto_emio.elf'
' '
'Invoking: ARM v7 Print Size'
arm-none-eabi-size baremetal_senstel_proto_emio.elf  |tee "baremetal_senstel_proto_emio.elf.size"
   text	   data	    bss	    dec	    hex	filename
 186508	   2656	20998464	21187628	1434c2c	baremetal_senstel_proto_emio.elf
'Finished building: baremetal_senstel_proto_emio.elf.size'
' '
14:01:29 **** Incremental Build of configuration Debug for project baremetal_senstel_proto_emio ****
make pre-build main-build 
a9-linaro-pre-build-step
' '
make: Nothing to be done for `main-build'.
14:02:31 **** Incremental Build of configuration Debug for project baremetal_senstel_proto_emio ****
make pre-build main-build 
a9-linaro-pre-build-step
' '
make: Nothing to be done for `main-build'.
