01:49:40 **** Auto Build of configuration Debug for project sd_test ****
make pre-build main-build 
a9-linaro-pre-build-step
' '
'Building file: ../src/senstel_sd.c'
'Invoking: ARM v7 gcc compiler'
arm-none-eabi-gcc -Wall -O0 -g3 -c -fmessage-length=0 -MT"src/senstel_sd.o" -mcpu=cortex-a9 -mfpu=vfpv3 -mfloat-abi=hard -I../../standalone_bsp_0/ps7_cortexa9_0/include -MMD -MP -MF"src/senstel_sd.d" -MT"src/senstel_sd.o" -o "src/senstel_sd.o" "../src/senstel_sd.c"
../src/senstel_sd.c: In function 'ulMountFs':
../src/senstel_sd.c:81:7: warning: unused variable 'dirname' [-Wunused-variable]
  char dirname[64];
       ^~~~~~~
../src/senstel_sd.c:46:7: warning: variable 'ini_s' set but not used [-Wunused-but-set-variable]
  BYTE ini_s;
       ^~~~~
../src/senstel_sd.c: In function 'ulOpenFiles':
../src/senstel_sd.c:144:7: warning: unused variable 'dirname' [-Wunused-variable]
  char dirname[64];
       ^~~~~~~
../src/senstel_sd.c: In function 'ulCloseFiles':
../src/senstel_sd.c:214:10: warning: variable 'Res' set but not used [-Wunused-but-set-variable]
  FRESULT Res;
          ^~~
'Finished building: ../src/senstel_sd.c'
' '
'Building target: sd_test.elf'
'Invoking: ARM v7 gcc linker'
arm-none-eabi-gcc -mcpu=cortex-a9 -mfpu=vfpv3 -mfloat-abi=hard -Wl,-build-id=none -specs=Xilinx.spec -Wl,-T -Wl,../src/lscript.ld -L../../standalone_bsp_0/ps7_cortexa9_0/lib -o "sd_test.elf"  ./src/senstel_sd.o ./src/testperiph.o ./src/testsd.o ./src/xdevcfg_selftest_example.o ./src/xdmaps_example_w_intr.o ./src/xqspips_selftest_example.o ./src/xscugic_tapp_example.o ./src/xscutimer_intr_example.o ./src/xscutimer_polled_example.o ./src/xscuwdt_intr_example.o   -Wl,--start-group,-lxil,-lgcc,-lc,--end-group -Wl,--start-group,-lxilffs,-lxil,-lgcc,-lc,--end-group
'Finished building target: sd_test.elf'
' '
'Invoking: ARM v7 Print Size'
arm-none-eabi-size sd_test.elf  |tee "sd_test.elf.size"
   text	   data	    bss	    dec	    hex	filename
 229088	   4404	21009264	21242756	1442384	sd_test.elf
'Finished building: sd_test.elf.size'
' '

01:49:40 Build Finished (took 850ms)

